11:43:04 **** Incremental Build of configuration Debug for project intc_test ****
make all 
make: Ništa za napraviti za `all'.

11:43:04 Build Finished (took 93ms)

11:43:04 **** Incremental Build of configuration Release for project intc_test ****
make all 
'Building file: ../src/helloworld.c'
'Invoking: MicroBlaze gcc compiler'
mb-gcc -Wall -O2 -c -fmessage-length=0 -I../../hello_world_bsp/microblaze_0/include -mlittle-endian -mxl-barrel-shift -mxl-pattern-compare -mcpu=v8.50.b -mno-xl-soft-mul -MMD -MP -MF"src/helloworld.d" -MT"src/helloworld.d" -o "src/helloworld.o" "../src/helloworld.c"
../src/helloworld.c: In function 'main':
../src/helloworld.c:18:29: warning: unused variable 'value3' [-Wunused-variable]
../src/helloworld.c:18:21: warning: unused variable 'value2' [-Wunused-variable]
'Finished building: ../src/helloworld.c'
' '
'Building file: ../src/platform.c'
'Invoking: MicroBlaze gcc compiler'
mb-gcc -Wall -O2 -c -fmessage-length=0 -I../../hello_world_bsp/microblaze_0/include -mlittle-endian -mxl-barrel-shift -mxl-pattern-compare -mcpu=v8.50.b -mno-xl-soft-mul -MMD -MP -MF"src/platform.d" -MT"src/platform.d" -o "src/platform.o" "../src/platform.c"
'Finished building: ../src/platform.c'
' '
'Building target: intc_test.elf'
'Invoking: MicroBlaze gcc linker'
mb-gcc -Wl,-T -Wl,../src/lscript.ld -L../../hello_world_bsp/microblaze_0/lib -mlittle-endian -mxl-barrel-shift -mxl-pattern-compare -mcpu=v8.50.b -mno-xl-soft-mul -o "intc_test.elf"  ./src/helloworld.o ./src/platform.o   -Wl,--start-group,-lxil,-lgcc,-lc,--end-group
'Finished building target: intc_test.elf'
' '
'Invoking: MicroBlaze Print Size'
mb-size intc_test.elf  |tee "intc_test.elf.size"
   text	   data	    bss	    dec	    hex	filename
   8690	    340	   2252	  11282	   2c12	intc_test.elf
'Finished building: intc_test.elf.size'
' '
'Invoking: Xilinx ELF Check'
elfcheck intc_test.elf -hw ../../basic_system_hw_platform/system.xml -pe microblaze_0  |tee "intc_test.elf.elfcheck"
elfcheck
Xilinx EDK 14.6 Build EDK_P.68d
Copyright (c) 1995-2012 Xilinx, Inc.  All rights reserved.

Command Line: elfcheck -hw ../../basic_system_hw_platform/system.xml -pe
microblaze_0 intc_test.elf 

ELF file	: intc_test.elf
elfcheck passed.
'Finished building: intc_test.elf.elfcheck'
' '
12:05:38 **** Auto Build of project hello_world_bsp ****
make -k all 
'Finished building libraries'
12:05:39 **** Auto Build of configuration Debug for project hello_world ****
make all 
make: Ništa za napraviti za `all'.
12:05:39 **** Auto Build of configuration Debug for project intc_test ****
make all 
make: Ništa za napraviti za `all'.
12:05:39 **** Auto Build of configuration Debug for project timer_example ****
make all 
'Building file: ../src/xtmrctr_intr_example.c'
'Invoking: MicroBlaze gcc compiler'
mb-gcc -Wall -O0 -g3 -c -fmessage-length=0 -I../../hello_world_bsp/microblaze_0/include -mlittle-endian -mxl-barrel-shift -mxl-pattern-compare -mcpu=v8.50.b -mno-xl-soft-mul -Wl,--no-relax -ffunction-sections -fdata-sections -MMD -MP -MF"src/xtmrctr_intr_example.d" -MT"src/xtmrctr_intr_example.d" -o "src/xtmrctr_intr_example.o" "../src/xtmrctr_intr_example.c"
../src/xtmrctr_intr_example.c:139:4: error: unknown type name 'XTmrCtr'
../src/xtmrctr_intr_example.c:145:5: error: unknown type name 'XTmrCtr'
../src/xtmrctr_intr_example.c:158:1: error: unknown type name 'XTmrCtr'
../src/xtmrctr_intr_example.c: In function 'main':
../src/xtmrctr_intr_example.c:194:2: warning: implicit declaration of function 'TmrCtrIntrExample' [-Wimplicit-function-declaration]
../src/xtmrctr_intr_example.c:196:7: error: 'XPAR_TMRCTR_0_DEVICE_ID' undeclared (first use in this function)
../src/xtmrctr_intr_example.c:196:7: note: each undeclared identifier is reported only once for each function it appears in
../src/xtmrctr_intr_example.c:197:7: error: 'XPAR_INTC_0_TMRCTR_0_VEC_ID' undeclared (first use in this function)
../src/xtmrctr_intr_example.c: At top level:
../src/xtmrctr_intr_example.c:234:4: error: unknown type name 'XTmrCtr'
../src/xtmrctr_intr_example.c: In function 'TimerCounterHandler':
../src/xtmrctr_intr_example.c:353:2: error: unknown type name 'XTmrCtr'
../src/xtmrctr_intr_example.c:353:26: error: 'XTmrCtr' undeclared (first use in this function)
../src/xtmrctr_intr_example.c:353:35: error: expected expression before ')' token
../src/xtmrctr_intr_example.c:362:2: warning: implicit declaration of function 'XTmrCtr_IsExpired' [-Wimplicit-function-declaration]
../src/xtmrctr_intr_example.c:365:4: warning: implicit declaration of function 'XTmrCtr_SetOptions' [-Wimplicit-function-declaration]
../src/xtmrctr_intr_example.c: At top level:
../src/xtmrctr_intr_example.c:395:6: error: unknown type name 'XTmrCtr'
make: *** [src/xtmrctr_intr_example.o] Greška 1
